---EThqKMGz---A--
[17/Jul/2026:09:07:11 +0000] 178427923171.326043 127.0.0.1 52934 127.0.0.1 8443
---EThqKMGz---B--
GET /healthz HTTP/2.0
user-agent: healthcheck
accept: */*
host: localhost:8443

---EThqKMGz---D--

---EThqKMGz---E--
OK

---EThqKMGz---F--
HTTP/2.0 200
Server: nginx
Date: Fri, 17 Jul 2026 09:07:11 GMT
Content-Length: 2
Content-Type: application/octet-stream
Content-Type: text/plain
Connection: close

---EThqKMGz---H--

---EThqKMGz---I--

---EThqKMGz---J--

---EThqKMGz---Z--

---5CLPB2D9---A--
[17/Jul/2026:09:07:24 +0000] 178427924457.607256 172.20.0.1 58976 172.20.0.4 8080
---5CLPB2D9---B--
GET /rest/admin/application-version HTTP/1.1
Host: localhost:9080
User-Agent: curl/8.19.0
Accept: */*

---5CLPB2D9---D--

---5CLPB2D9---F--
HTTP/1.1 200
ETag: W/"14-+EBpZnfu193JzIOBjXsY1+KveN8"
Feature-Policy: payment 'self'
Date: Fri, 17 Jul 2026 09:07:24 GMT
X-Recruiting: /#/jobs
Access-Control-Allow-Origin: *
X-Frame-Options: SAMEORIGIN
Connection: keep-alive
X-Content-Type-Options: nosniff
Content-Type: application/json; charset=utf-8
Content-Length: 20
Server: nginx
Vary: Accept-Encoding
Access-Control-Allow-Headers: *

---5CLPB2D9---H--

---5CLPB2D9---I--

---5CLPB2D9---J--

---5CLPB2D9---Z--

---EThqKMGz---A--
[17/Jul/2026:09:07:31 +0000] 17842792517.909731 172.20.0.1 56244 172.20.0.4 8080
---EThqKMGz---B--
GET /rest/products/search?q=%27%20OR%201=1-- HTTP/1.1
Host: localhost:9080
User-Agent: curl/8.19.0
Accept: */*

---EThqKMGz---D--

---EThqKMGz---E--
<html>\x0d\x0a<head><title>403 Forbidden</title></head>\x0d\x0a<body>\x0d\x0a<center><h1>403 Forbidden</h1></center>\x0d\x0a<hr><center>nginx</center>\x0d\x0a</body>\x0d\x0a</html>\x0d\x0a

---EThqKMGz---F--
HTTP/1.1 403
Server: nginx
Date: Fri, 17 Jul 2026 09:07:31 GMT
Content-Length: 146
Content-Type: text/plain
Access-Control-Allow-Origin: *
Connection: keep-alive
Access-Control-Max-Age: 3600
Access-Control-Allow-Methods: GET, POST, PUT, DELETE, OPTIONS
Access-Control-Allow-Headers: *

---EThqKMGz---H--
ModSecurity: Warning. detected SQLi using libinjection. [file "/etc/modsecurity.d/owasp-crs/rules/REQUEST-942-APPLICATION-ATTACK-SQLI.conf"] [line "46"] [id "942100"] [rev ""] [msg "SQL Injection Attack Detected via libinjection"] [data "Matched Data: s&1c found within ARGS:q: ' OR 1=1--"] [severity "2"] [ver "OWASP_CRS/3.3.10"] [maturity "0"] [accuracy "0"] [tag "application-multi"] [tag "language-multi"] [tag "platform-multi"] [tag "attack-sqli"] [tag "paranoia-level/1"] [tag "OWASP_CRS"] [tag "capec/1000/152/248/66"] [tag "PCI/6.5.2"] [hostname "localhost"] [uri "/rest/products/search"] [unique_id "17842792517.909731"] [ref "v28,10"]
ModSecurity: Access denied with code 403 (phase 2). Matched "Operator `Ge' with parameter `5' against variable `TX:ANOMALY_SCORE' (Value: `5' ) [file "/etc/modsecurity.d/owasp-crs/rules/REQUEST-949-BLOCKING-EVALUATION.conf"] [line "81"] [id "949110"] [rev ""] [msg "Inbound Anomaly Score Exceeded (Total Score: 5)"] [data ""] [severity "2"] [ver "OWASP_CRS/3.3.10"] [maturity "0"] [accuracy "0"] [tag "modsecurity"] [tag "application-multi"] [tag "language-multi"] [tag "platform-multi"] [tag "attack-generic"] [hostname "localhost"] [uri "/rest/products/search"] [unique_id "17842792517.909731"] [ref ""]

---EThqKMGz---I--

---EThqKMGz---J--

---EThqKMGz---Z--

---5CLPB2D9---A--
[17/Jul/2026:09:07:41 +0000] 178427926132.833399 127.0.0.1 58532 127.0.0.1 8443
---5CLPB2D9---B--
GET /healthz HTTP/2.0
user-agent: healthcheck
accept: */*
host: localhost:8443

---5CLPB2D9---D--

---5CLPB2D9---E--
OK

---5CLPB2D9---F--
HTTP/2.0 200
Server: nginx
Date: Fri, 17 Jul 2026 09:07:41 GMT
Content-Length: 2
Content-Type: application/octet-stream
Content-Type: text/plain
Connection: close

---5CLPB2D9---H--

---5CLPB2D9---I--

---5CLPB2D9---J--

---5CLPB2D9---Z--

---EThqKMGz---A--
[17/Jul/2026:09:08:11 +0000] 178427929183.494871 127.0.0.1 52556 127.0.0.1 8443
---EThqKMGz---B--
GET /healthz HTTP/2.0
user-agent: healthcheck
accept: */*
host: localhost:8443

---EThqKMGz---D--

---EThqKMGz---E--
OK

---EThqKMGz---F--
HTTP/2.0 200
Server: nginx
Date: Fri, 17 Jul 2026 09:08:11 GMT
Content-Length: 2
Content-Type: application/octet-stream
Content-Type: text/plain
Connection: close

---EThqKMGz---H--

---EThqKMGz---I--

---EThqKMGz---J--

---EThqKMGz---Z--

---EThqKMGz---A--
[17/Jul/2026:09:08:41 +0000] 178427932137.281503 127.0.0.1 46338 127.0.0.1 8443
---EThqKMGz---B--
GET /healthz HTTP/2.0
user-agent: healthcheck
accept: */*
host: localhost:8443

---EThqKMGz---D--

---EThqKMGz---E--
OK

---EThqKMGz---F--
HTTP/2.0 200
Server: nginx
Date: Fri, 17 Jul 2026 09:08:41 GMT
Content-Length: 2
Content-Type: application/octet-stream
Content-Type: text/plain
Connection: close

---EThqKMGz---H--

---EThqKMGz---I--

---EThqKMGz---J--

---EThqKMGz---Z--

---EThqKMGz---A--
[17/Jul/2026:09:09:11 +0000] 178427935194.240052 127.0.0.1 47970 127.0.0.1 8443
---EThqKMGz---B--
GET /healthz HTTP/2.0
user-agent: healthcheck
accept: */*
host: localhost:8443

---EThqKMGz---D--

---EThqKMGz---E--
OK

---EThqKMGz---F--
HTTP/2.0 200
Server: nginx
Date: Fri, 17 Jul 2026 09:09:11 GMT
Content-Length: 2
Content-Type: application/octet-stream
Content-Type: text/plain
Connection: close

---EThqKMGz---H--

---EThqKMGz---I--

---EThqKMGz---J--

---EThqKMGz---Z--

---EThqKMGz---A--
[17/Jul/2026:09:09:42 +0000] 178427938246.052867 127.0.0.1 44810 127.0.0.1 8443
---EThqKMGz---B--
GET /healthz HTTP/2.0
user-agent: healthcheck
accept: */*
host: localhost:8443

---EThqKMGz---D--

---EThqKMGz---E--
OK

---EThqKMGz---F--
HTTP/2.0 200
Server: nginx
Date: Fri, 17 Jul 2026 09:09:42 GMT
Content-Length: 2
Content-Type: application/octet-stream
Content-Type: text/plain
Connection: close

---EThqKMGz---H--

---EThqKMGz---I--

---EThqKMGz---J--

---EThqKMGz---Z--

---EThqKMGz---A--
[17/Jul/2026:09:10:12 +0000] 178427941298.379686 127.0.0.1 51984 127.0.0.1 8443
---EThqKMGz---B--
GET /healthz HTTP/2.0
user-agent: healthcheck
accept: */*
host: localhost:8443

---EThqKMGz---D--

---EThqKMGz---E--
OK

---EThqKMGz---F--
HTTP/2.0 200
Server: nginx
Date: Fri, 17 Jul 2026 09:10:12 GMT
Content-Length: 2
Content-Type: application/octet-stream
Content-Type: text/plain
Connection: close

---EThqKMGz---H--

---EThqKMGz---I--

---EThqKMGz---J--

---EThqKMGz---Z--

---EThqKMGz---A--
[17/Jul/2026:09:10:42 +0000] 178427944266.549986 127.0.0.1 52810 127.0.0.1 8443
---EThqKMGz---B--
GET /healthz HTTP/2.0
user-agent: healthcheck
accept: */*
host: localhost:8443

---EThqKMGz---D--

---EThqKMGz---E--
OK

---EThqKMGz---F--
HTTP/2.0 200
Server: nginx
Date: Fri, 17 Jul 2026 09:10:42 GMT
Content-Length: 2
Content-Type: application/octet-stream
Content-Type: text/plain
Connection: close

---EThqKMGz---H--

---EThqKMGz---I--

---EThqKMGz---J--

---EThqKMGz---Z--

---EThqKMGz---A--
[17/Jul/2026:09:11:12 +0000] 178427947292.161953 127.0.0.1 56258 127.0.0.1 8443
---EThqKMGz---B--
GET /healthz HTTP/2.0
user-agent: healthcheck
accept: */*
host: localhost:8443

---EThqKMGz---D--

---EThqKMGz---E--
OK

---EThqKMGz---F--
HTTP/2.0 200
Server: nginx
Date: Fri, 17 Jul 2026 09:11:12 GMT
Content-Length: 2
Content-Type: application/octet-stream
Content-Type: text/plain
Connection: close

---EThqKMGz---H--

---EThqKMGz---I--

---EThqKMGz---J--

---EThqKMGz---Z--

---EThqKMGz---A--
[17/Jul/2026:09:11:42 +0000] 178427950223.965084 127.0.0.1 33688 127.0.0.1 8443
---EThqKMGz---B--
GET /healthz HTTP/2.0
user-agent: healthcheck
accept: */*
host: localhost:8443

---EThqKMGz---D--

---EThqKMGz---E--
OK

---EThqKMGz---F--
HTTP/2.0 200
Server: nginx
Date: Fri, 17 Jul 2026 09:11:42 GMT
Content-Length: 2
Content-Type: application/octet-stream
Content-Type: text/plain
Connection: close

---EThqKMGz---H--

---EThqKMGz---I--

---EThqKMGz---J--

---EThqKMGz---Z--

---EThqKMGz---A--
[17/Jul/2026:09:12:12 +0000] 178427953262.801254 127.0.0.1 47292 127.0.0.1 8443
---EThqKMGz---B--
GET /healthz HTTP/2.0
user-agent: healthcheck
accept: */*
host: localhost:8443

---EThqKMGz---D--

---EThqKMGz---E--
OK

---EThqKMGz---F--
HTTP/2.0 200
Server: nginx
Date: Fri, 17 Jul 2026 09:12:12 GMT
Content-Length: 2
Content-Type: application/octet-stream
Content-Type: text/plain
Connection: close

---EThqKMGz---H--

---EThqKMGz---I--

---EThqKMGz---J--

---EThqKMGz---Z--

---EThqKMGz---A--
[17/Jul/2026:09:12:42 +0000] 178427956211.501835 127.0.0.1 43738 127.0.0.1 8443
---EThqKMGz---B--
GET /healthz HTTP/2.0
user-agent: healthcheck
accept: */*
host: localhost:8443

---EThqKMGz---D--

---EThqKMGz---E--
OK

---EThqKMGz---F--
HTTP/2.0 200
Server: nginx
Date: Fri, 17 Jul 2026 09:12:42 GMT
Content-Length: 2
Content-Type: application/octet-stream
Content-Type: text/plain
Connection: close

---EThqKMGz---H--

---EThqKMGz---I--

---EThqKMGz---J--

---EThqKMGz---Z--

---EThqKMGz---A--
[17/Jul/2026:09:13:12 +0000] 178427959284.581553 127.0.0.1 49802 127.0.0.1 8443
---EThqKMGz---B--
GET /healthz HTTP/2.0
user-agent: healthcheck
accept: */*
host: localhost:8443

---EThqKMGz---D--

---EThqKMGz---E--
OK

---EThqKMGz---F--
HTTP/2.0 200
Server: nginx
Date: Fri, 17 Jul 2026 09:13:12 GMT
Content-Length: 2
Content-Type: application/octet-stream
Content-Type: text/plain
Connection: close

---EThqKMGz---H--

---EThqKMGz---I--

---EThqKMGz---J--

---EThqKMGz---Z--

---EThqKMGz---A--
[17/Jul/2026:09:13:43 +0000] 178427962389.698547 127.0.0.1 45714 127.0.0.1 8443
---EThqKMGz---B--
GET /healthz HTTP/2.0
user-agent: healthcheck
accept: */*
host: localhost:8443

---EThqKMGz---D--

---EThqKMGz---E--
OK

---EThqKMGz---F--
HTTP/2.0 200
Server: nginx
Date: Fri, 17 Jul 2026 09:13:43 GMT
Content-Length: 2
Content-Type: application/octet-stream
Content-Type: text/plain
Connection: close

---EThqKMGz---H--

---EThqKMGz---I--

---EThqKMGz---J--

---EThqKMGz---Z--

---EThqKMGz---A--
[17/Jul/2026:09:14:13 +0000] 178427965394.506529 127.0.0.1 58934 127.0.0.1 8443
---EThqKMGz---B--
GET /healthz HTTP/2.0
user-agent: healthcheck
accept: */*
host: localhost:8443

---EThqKMGz---D--

---EThqKMGz---E--
OK

---EThqKMGz---F--
HTTP/2.0 200
Server: nginx
Date: Fri, 17 Jul 2026 09:14:13 GMT
Content-Length: 2
Content-Type: application/octet-stream
Content-Type: text/plain
Connection: close

---EThqKMGz---H--

---EThqKMGz---I--

---EThqKMGz---J--

---EThqKMGz---Z--

---EThqKMGz---A--
[17/Jul/2026:09:14:43 +0000] 178427968355.934080 127.0.0.1 50226 127.0.0.1 8443
---EThqKMGz---B--
GET /healthz HTTP/2.0
user-agent: healthcheck
accept: */*
host: localhost:8443

---EThqKMGz---D--

---EThqKMGz---E--
OK

---EThqKMGz---F--
HTTP/2.0 200
Server: nginx
Date: Fri, 17 Jul 2026 09:14:43 GMT
Content-Length: 2
Content-Type: application/octet-stream
Content-Type: text/plain
Connection: close

---EThqKMGz---H--

---EThqKMGz---I--

---EThqKMGz---J--

---EThqKMGz---Z--

---wNX6zG6q---A--
[17/Jul/2026:09:15:13 +0000] 178427971315.335662 127.0.0.1 53966 127.0.0.1 8443
---wNX6zG6q---B--
GET /healthz HTTP/2.0
user-agent: healthcheck
accept: */*
host: localhost:8443

---wNX6zG6q---D--

---wNX6zG6q---E--
OK

---wNX6zG6q---F--
HTTP/2.0 200
Server: nginx
Date: Fri, 17 Jul 2026 09:15:13 GMT
Content-Length: 2
Content-Type: application/octet-stream
Content-Type: text/plain
Connection: close

---wNX6zG6q---H--

---wNX6zG6q---I--

---wNX6zG6q---J--

---wNX6zG6q---Z--

---fnfBUJ51---A--
[17/Jul/2026:09:15:43 +0000] 178427974346.963391 127.0.0.1 47176 127.0.0.1 8443
---fnfBUJ51---B--
GET /healthz HTTP/2.0
user-agent: healthcheck
accept: */*
host: localhost:8443

---fnfBUJ51---D--

---fnfBUJ51---E--
OK

---fnfBUJ51---F--
HTTP/2.0 200
Server: nginx
Date: Fri, 17 Jul 2026 09:15:43 GMT
Content-Length: 2
Content-Type: application/octet-stream
Content-Type: text/plain
Connection: close

---fnfBUJ51---H--

---fnfBUJ51---I--

---fnfBUJ51---J--

---fnfBUJ51---Z--

---ruHSSvyr---A--
[17/Jul/2026:09:16:13 +0000] 178427977386.190732 127.0.0.1 48810 127.0.0.1 8443
---ruHSSvyr---B--
GET /healthz HTTP/2.0
user-agent: healthcheck
accept: */*
host: localhost:8443

---ruHSSvyr---D--

---ruHSSvyr---E--
OK

---ruHSSvyr---F--
HTTP/2.0 200
Server: nginx
Date: Fri, 17 Jul 2026 09:16:13 GMT
Content-Length: 2
Content-Type: application/octet-stream
Content-Type: text/plain
Connection: close

---ruHSSvyr---H--

---ruHSSvyr---I--

---ruHSSvyr---J--

---ruHSSvyr---Z--

---VkxPX6CH---A--
[17/Jul/2026:09:16:43 +0000] 178427980355.448716 127.0.0.1 48118 127.0.0.1 8443
---VkxPX6CH---B--
GET /healthz HTTP/2.0
user-agent: healthcheck
accept: */*
host: localhost:8443

---VkxPX6CH---D--

---VkxPX6CH---E--
OK

---VkxPX6CH---F--
HTTP/2.0 200
Server: nginx
Date: Fri, 17 Jul 2026 09:16:43 GMT
Content-Length: 2
Content-Type: application/octet-stream
Content-Type: text/plain
Connection: close

---VkxPX6CH---H--

---VkxPX6CH---I--

---VkxPX6CH---J--

---VkxPX6CH---Z--

---ycL1mpfC---A--
[17/Jul/2026:09:17:13 +0000] 178427983317.329447 127.0.0.1 57924 127.0.0.1 8443
---ycL1mpfC---B--
GET /healthz HTTP/2.0
user-agent: healthcheck
accept: */*
host: localhost:8443

---ycL1mpfC---D--

---ycL1mpfC---E--
OK

---ycL1mpfC---F--
HTTP/2.0 200
Server: nginx
Date: Fri, 17 Jul 2026 09:17:13 GMT
Content-Length: 2
Content-Type: application/octet-stream
Content-Type: text/plain
Connection: close

---ycL1mpfC---H--

---ycL1mpfC---I--

---ycL1mpfC---J--

---ycL1mpfC---Z--

---DDuh8trY---A--
[17/Jul/2026:09:17:44 +0000] 178427986455.705906 127.0.0.1 57532 127.0.0.1 8443
---DDuh8trY---B--
GET /healthz HTTP/2.0
user-agent: healthcheck
accept: */*
host: localhost:8443

---DDuh8trY---D--

---DDuh8trY---E--
OK

---DDuh8trY---F--
HTTP/2.0 200
Server: nginx
Date: Fri, 17 Jul 2026 09:17:44 GMT
Content-Length: 2
Content-Type: application/octet-stream
Content-Type: text/plain
Connection: close

---DDuh8trY---H--

---DDuh8trY---I--

---DDuh8trY---J--

---DDuh8trY---Z--

---JlMM3bbJ---A--
[17/Jul/2026:09:18:14 +0000] 178427989478.333748 127.0.0.1 56054 127.0.0.1 8443
---JlMM3bbJ---B--
GET /healthz HTTP/2.0
user-agent: healthcheck
accept: */*
host: localhost:8443

---JlMM3bbJ---D--

---JlMM3bbJ---E--
OK

---JlMM3bbJ---F--
HTTP/2.0 200
Server: nginx
Date: Fri, 17 Jul 2026 09:18:14 GMT
Content-Length: 2
Content-Type: application/octet-stream
Content-Type: text/plain
Connection: close

---JlMM3bbJ---H--

---JlMM3bbJ---I--

---JlMM3bbJ---J--

---JlMM3bbJ---Z--

---I5lL3Z5T---A--
[17/Jul/2026:09:18:44 +0000] 178427992480.701641 127.0.0.1 38814 127.0.0.1 8443
---I5lL3Z5T---B--
GET /healthz HTTP/2.0
user-agent: healthcheck
accept: */*
host: localhost:8443

---I5lL3Z5T---D--

---I5lL3Z5T---E--
OK

---I5lL3Z5T---F--
HTTP/2.0 200
Server: nginx
Date: Fri, 17 Jul 2026 09:18:44 GMT
Content-Length: 2
Content-Type: application/octet-stream
Content-Type: text/plain
Connection: close

---I5lL3Z5T---H--

---I5lL3Z5T---I--

---I5lL3Z5T---J--

---I5lL3Z5T---Z--

---eO6womIV---A--
[17/Jul/2026:09:19:14 +0000] 17842799540.373013 127.0.0.1 50116 127.0.0.1 8443
---eO6womIV---B--
GET /healthz HTTP/2.0
user-agent: healthcheck
accept: */*
host: localhost:8443

---eO6womIV---D--

---eO6womIV---E--
OK

---eO6womIV---F--
HTTP/2.0 200
Server: nginx
Date: Fri, 17 Jul 2026 09:19:14 GMT
Content-Length: 2
Content-Type: application/octet-stream
Content-Type: text/plain
Connection: close

---eO6womIV---H--

---eO6womIV---I--

---eO6womIV---J--

---eO6womIV---Z--

---REHG6j2q---A--
[17/Jul/2026:09:19:44 +0000] 178427998449.005011 127.0.0.1 49084 127.0.0.1 8443
---REHG6j2q---B--
GET /healthz HTTP/2.0
user-agent: healthcheck
accept: */*
host: localhost:8443

---REHG6j2q---D--

---REHG6j2q---E--
OK

---REHG6j2q---F--
HTTP/2.0 200
Server: nginx
Date: Fri, 17 Jul 2026 09:19:44 GMT
Content-Length: 2
Content-Type: application/octet-stream
Content-Type: text/plain
Connection: close

---REHG6j2q---H--

---REHG6j2q---I--

---REHG6j2q---J--

---REHG6j2q---Z--

---aXn2OQk0---A--
[17/Jul/2026:09:20:14 +0000] 178428001420.556444 127.0.0.1 55338 127.0.0.1 8443
---aXn2OQk0---B--
GET /healthz HTTP/2.0
user-agent: healthcheck
accept: */*
host: localhost:8443

---aXn2OQk0---D--

---aXn2OQk0---E--
OK

---aXn2OQk0---F--
HTTP/2.0 200
Server: nginx
Date: Fri, 17 Jul 2026 09:20:14 GMT
Content-Length: 2
Content-Type: application/octet-stream
Content-Type: text/plain
Connection: close

---aXn2OQk0---H--

---aXn2OQk0---I--

---aXn2OQk0---J--

---aXn2OQk0---Z--

---saxOI3Bj---A--
[17/Jul/2026:09:20:44 +0000] 178428004475.555288 127.0.0.1 34144 127.0.0.1 8443
---saxOI3Bj---B--
GET /healthz HTTP/2.0
user-agent: healthcheck
accept: */*
host: localhost:8443

---saxOI3Bj---D--

---saxOI3Bj---E--
OK

---saxOI3Bj---F--
HTTP/2.0 200
Server: nginx
Date: Fri, 17 Jul 2026 09:20:44 GMT
Content-Length: 2
Content-Type: application/octet-stream
Content-Type: text/plain
Connection: close

---saxOI3Bj---H--

---saxOI3Bj---I--

---saxOI3Bj---J--

---saxOI3Bj---Z--

---NTYbqwOa---A--
[17/Jul/2026:09:21:14 +0000] 178428007446.253547 127.0.0.1 40258 127.0.0.1 8443
---NTYbqwOa---B--
GET /healthz HTTP/2.0
user-agent: healthcheck
accept: */*
host: localhost:8443

---NTYbqwOa---D--

---NTYbqwOa---E--
OK

---NTYbqwOa---F--
HTTP/2.0 200
Server: nginx
Date: Fri, 17 Jul 2026 09:21:14 GMT
Content-Length: 2
Content-Type: application/octet-stream
Content-Type: text/plain
Connection: close

---NTYbqwOa---H--

---NTYbqwOa---I--

---NTYbqwOa---J--

---NTYbqwOa---Z--

---675GNwYJ---A--
[17/Jul/2026:09:21:45 +0000] 178428010554.308220 127.0.0.1 42846 127.0.0.1 8443
---675GNwYJ---B--
GET /healthz HTTP/2.0
user-agent: healthcheck
accept: */*
host: localhost:8443

---675GNwYJ---D--

---675GNwYJ---E--
OK

---675GNwYJ---F--
HTTP/2.0 200
Server: nginx
Date: Fri, 17 Jul 2026 09:21:45 GMT
Content-Length: 2
Content-Type: application/octet-stream
Content-Type: text/plain
Connection: close

---675GNwYJ---H--

---675GNwYJ---I--

---675GNwYJ---J--

---675GNwYJ---Z--

---Mu9bqaTO---A--
[17/Jul/2026:09:22:15 +0000] 178428013534.128747 127.0.0.1 51562 127.0.0.1 8443
---Mu9bqaTO---B--
GET /healthz HTTP/2.0
user-agent: healthcheck
accept: */*
host: localhost:8443

---Mu9bqaTO---D--

---Mu9bqaTO---E--
OK

---Mu9bqaTO---F--
HTTP/2.0 200
Server: nginx
Date: Fri, 17 Jul 2026 09:22:15 GMT
Content-Length: 2
Content-Type: application/octet-stream
Content-Type: text/plain
Connection: close

---Mu9bqaTO---H--

---Mu9bqaTO---I--

---Mu9bqaTO---J--

---Mu9bqaTO---Z--

---dIkMqw11---A--
[17/Jul/2026:09:22:45 +0000] 17842801657.995100 127.0.0.1 34900 127.0.0.1 8443
---dIkMqw11---B--
GET /healthz HTTP/2.0
user-agent: healthcheck
accept: */*
host: localhost:8443

---dIkMqw11---D--

---dIkMqw11---E--
OK

---dIkMqw11---F--
HTTP/2.0 200
Server: nginx
Date: Fri, 17 Jul 2026 09:22:45 GMT
Content-Length: 2
Content-Type: application/octet-stream
Content-Type: text/plain
Connection: close

---dIkMqw11---H--

---dIkMqw11---I--

---dIkMqw11---J--

---dIkMqw11---Z--

---wNX6zG6q---A--
[17/Jul/2026:09:23:15 +0000] 178428019536.014769 127.0.0.1 39870 127.0.0.1 8443
---wNX6zG6q---B--
GET /healthz HTTP/2.0
user-agent: healthcheck
accept: */*
host: localhost:8443

---wNX6zG6q---D--

---wNX6zG6q---E--
OK

---wNX6zG6q---F--
HTTP/2.0 200
Server: nginx
Date: Fri, 17 Jul 2026 09:23:15 GMT
Content-Length: 2
Content-Type: application/octet-stream
Content-Type: text/plain
Connection: close

---wNX6zG6q---H--

---wNX6zG6q---I--

---wNX6zG6q---J--

---wNX6zG6q---Z--

---fnfBUJ51---A--
[17/Jul/2026:09:23:45 +0000] 178428022598.520396 127.0.0.1 44176 127.0.0.1 8443
---fnfBUJ51---B--
GET /healthz HTTP/2.0
user-agent: healthcheck
accept: */*
host: localhost:8443

---fnfBUJ51---D--

---fnfBUJ51---E--
OK

---fnfBUJ51---F--
HTTP/2.0 200
Server: nginx
Date: Fri, 17 Jul 2026 09:23:45 GMT
Content-Length: 2
Content-Type: application/octet-stream
Content-Type: text/plain
Connection: close

---fnfBUJ51---H--

---fnfBUJ51---I--

---fnfBUJ51---J--

---fnfBUJ51---Z--

---ruHSSvyr---A--
[17/Jul/2026:09:24:15 +0000] 178428025530.964501 127.0.0.1 42844 127.0.0.1 8443
---ruHSSvyr---B--
GET /healthz HTTP/2.0
user-agent: healthcheck
accept: */*
host: localhost:8443

---ruHSSvyr---D--

---ruHSSvyr---E--
OK

---ruHSSvyr---F--
HTTP/2.0 200
Server: nginx
Date: Fri, 17 Jul 2026 09:24:15 GMT
Content-Length: 2
Content-Type: application/octet-stream
Content-Type: text/plain
Connection: close

---ruHSSvyr---H--

---ruHSSvyr---I--

---ruHSSvyr---J--

---ruHSSvyr---Z--

---VkxPX6CH---A--
[17/Jul/2026:09:24:45 +0000] 178428028568.990059 127.0.0.1 48976 127.0.0.1 8443
---VkxPX6CH---B--
GET /healthz HTTP/2.0
user-agent: healthcheck
accept: */*
host: localhost:8443

---VkxPX6CH---D--

---VkxPX6CH---E--
OK

---VkxPX6CH---F--
HTTP/2.0 200
Server: nginx
Date: Fri, 17 Jul 2026 09:24:45 GMT
Content-Length: 2
Content-Type: application/octet-stream
Content-Type: text/plain
Connection: close

---VkxPX6CH---H--

---VkxPX6CH---I--

---VkxPX6CH---J--

---VkxPX6CH---Z--

---ycL1mpfC---A--
[17/Jul/2026:09:25:15 +0000] 178428031529.303213 127.0.0.1 59532 127.0.0.1 8443
---ycL1mpfC---B--
GET /healthz HTTP/2.0
user-agent: healthcheck
accept: */*
host: localhost:8443

---ycL1mpfC---D--

---ycL1mpfC---E--
OK

---ycL1mpfC---F--
HTTP/2.0 200
Server: nginx
Date: Fri, 17 Jul 2026 09:25:15 GMT
Content-Length: 2
Content-Type: application/octet-stream
Content-Type: text/plain
Connection: close

---ycL1mpfC---H--

---ycL1mpfC---I--

---ycL1mpfC---J--

---ycL1mpfC---Z--

---DDuh8trY---A--
[17/Jul/2026:09:25:46 +0000] 178428034635.403424 127.0.0.1 53058 127.0.0.1 8443
---DDuh8trY---B--
GET /healthz HTTP/2.0
user-agent: healthcheck
accept: */*
host: localhost:8443

---DDuh8trY---D--

---DDuh8trY---E--
OK

---DDuh8trY---F--
HTTP/2.0 200
Server: nginx
Date: Fri, 17 Jul 2026 09:25:46 GMT
Content-Length: 2
Content-Type: application/octet-stream
Content-Type: text/plain
Connection: close

---DDuh8trY---H--

---DDuh8trY---I--

---DDuh8trY---J--

---DDuh8trY---Z--

---JlMM3bbJ---A--
[17/Jul/2026:09:26:16 +0000] 178428037644.424248 127.0.0.1 40160 127.0.0.1 8443
---JlMM3bbJ---B--
GET /healthz HTTP/2.0
user-agent: healthcheck
accept: */*
host: localhost:8443

---JlMM3bbJ---D--

---JlMM3bbJ---E--
OK

---JlMM3bbJ---F--
HTTP/2.0 200
Server: nginx
Date: Fri, 17 Jul 2026 09:26:16 GMT
Content-Length: 2
Content-Type: application/octet-stream
Content-Type: text/plain
Connection: close

---JlMM3bbJ---H--

---JlMM3bbJ---I--

---JlMM3bbJ---J--

---JlMM3bbJ---Z--

---I5lL3Z5T---A--
[17/Jul/2026:09:26:46 +0000] 178428040698.050534 127.0.0.1 38156 127.0.0.1 8443
---I5lL3Z5T---B--
GET /healthz HTTP/2.0
user-agent: healthcheck
accept: */*
host: localhost:8443

---I5lL3Z5T---D--

---I5lL3Z5T---E--
OK

---I5lL3Z5T---F--
HTTP/2.0 200
Server: nginx
Date: Fri, 17 Jul 2026 09:26:46 GMT
Content-Length: 2
Content-Type: application/octet-stream
Content-Type: text/plain
Connection: close

---I5lL3Z5T---H--

---I5lL3Z5T---I--

---I5lL3Z5T---J--

---I5lL3Z5T---Z--

---eO6womIV---A--
[17/Jul/2026:09:27:16 +0000] 178428043684.294326 127.0.0.1 43690 127.0.0.1 8443
---eO6womIV---B--
GET /healthz HTTP/2.0
user-agent: healthcheck
accept: */*
host: localhost:8443

---eO6womIV---D--

---eO6womIV---E--
OK

---eO6womIV---F--
HTTP/2.0 200
Server: nginx
Date: Fri, 17 Jul 2026 09:27:16 GMT
Content-Length: 2
Content-Type: application/octet-stream
Content-Type: text/plain
Connection: close

---eO6womIV---H--

---eO6womIV---I--

---eO6womIV---J--

---eO6womIV---Z--

---REHG6j2q---A--
[17/Jul/2026:09:27:46 +0000] 17842804665.507340 127.0.0.1 59544 127.0.0.1 8443
---REHG6j2q---B--
GET /healthz HTTP/2.0
user-agent: healthcheck
accept: */*
host: localhost:8443

---REHG6j2q---D--

---REHG6j2q---E--
OK

---REHG6j2q---F--
HTTP/2.0 200
Server: nginx
Date: Fri, 17 Jul 2026 09:27:46 GMT
Content-Length: 2
Content-Type: application/octet-stream
Content-Type: text/plain
Connection: close

---REHG6j2q---H--

---REHG6j2q---I--

---REHG6j2q---J--

---REHG6j2q---Z--

---aXn2OQk0---A--
[17/Jul/2026:09:28:16 +0000] 178428049615.951123 127.0.0.1 33448 127.0.0.1 8443
---aXn2OQk0---B--
GET /healthz HTTP/2.0
user-agent: healthcheck
accept: */*
host: localhost:8443

---aXn2OQk0---D--

---aXn2OQk0---E--
OK

---aXn2OQk0---F--
HTTP/2.0 200
Server: nginx
Date: Fri, 17 Jul 2026 09:28:16 GMT
Content-Length: 2
Content-Type: application/octet-stream
Content-Type: text/plain
Connection: close

---aXn2OQk0---H--

---aXn2OQk0---I--

---aXn2OQk0---J--

---aXn2OQk0---Z--

---saxOI3Bj---A--
[17/Jul/2026:09:28:46 +0000] 178428052665.945776 127.0.0.1 53372 127.0.0.1 8443
---saxOI3Bj---B--
GET /healthz HTTP/2.0
user-agent: healthcheck
accept: */*
host: localhost:8443

---saxOI3Bj---D--

---saxOI3Bj---E--
OK

---saxOI3Bj---F--
HTTP/2.0 200
Server: nginx
Date: Fri, 17 Jul 2026 09:28:46 GMT
Content-Length: 2
Content-Type: application/octet-stream
Content-Type: text/plain
Connection: close

---saxOI3Bj---H--

---saxOI3Bj---I--

---saxOI3Bj---J--

---saxOI3Bj---Z--

---NTYbqwOa---A--
[17/Jul/2026:09:29:17 +0000] 178428055778.434415 127.0.0.1 52872 127.0.0.1 8443
---NTYbqwOa---B--
GET /healthz HTTP/2.0
user-agent: healthcheck
accept: */*
host: localhost:8443

---NTYbqwOa---D--

---NTYbqwOa---E--
OK

---NTYbqwOa---F--
HTTP/2.0 200
Server: nginx
Date: Fri, 17 Jul 2026 09:29:17 GMT
Content-Length: 2
Content-Type: application/octet-stream
Content-Type: text/plain
Connection: close

---NTYbqwOa---H--

---NTYbqwOa---I--

---NTYbqwOa---J--

---NTYbqwOa---Z--

---675GNwYJ---A--
[17/Jul/2026:09:29:47 +0000] 17842805878.045411 127.0.0.1 44080 127.0.0.1 8443
---675GNwYJ---B--
GET /healthz HTTP/2.0
user-agent: healthcheck
accept: */*
host: localhost:8443

---675GNwYJ---D--

---675GNwYJ---E--
OK

---675GNwYJ---F--
HTTP/2.0 200
Server: nginx
Date: Fri, 17 Jul 2026 09:29:47 GMT
Content-Length: 2
Content-Type: application/octet-stream
Content-Type: text/plain
Connection: close

---675GNwYJ---H--

---675GNwYJ---I--

---675GNwYJ---J--

---675GNwYJ---Z--

---Mu9bqaTO---A--
[17/Jul/2026:12:31:49 +0000] 178429150947.525005 127.0.0.1 49404 127.0.0.1 8443
---Mu9bqaTO---B--
GET /healthz HTTP/2.0
user-agent: healthcheck
accept: */*
host: localhost:8443

---Mu9bqaTO---D--

---Mu9bqaTO---E--
OK

---Mu9bqaTO---F--
HTTP/2.0 200
Server: nginx
Date: Fri, 17 Jul 2026 12:31:49 GMT
Content-Length: 2
Content-Type: application/octet-stream
Content-Type: text/plain
Connection: close

---Mu9bqaTO---H--

---Mu9bqaTO---I--

---Mu9bqaTO---J--

---Mu9bqaTO---Z--

---dIkMqw11---A--
[17/Jul/2026:12:32:19 +0000] 178429153991.640869 127.0.0.1 45124 127.0.0.1 8443
---dIkMqw11---B--
GET /healthz HTTP/2.0
user-agent: healthcheck
accept: */*
host: localhost:8443

---dIkMqw11---D--

---dIkMqw11---E--
OK

---dIkMqw11---F--
HTTP/2.0 200
Server: nginx
Date: Fri, 17 Jul 2026 12:32:19 GMT
Content-Length: 2
Content-Type: application/octet-stream
Content-Type: text/plain
Connection: close

---dIkMqw11---H--

---dIkMqw11---I--

---dIkMqw11---J--

---dIkMqw11---Z--

---5CLPB2D9---A--
[17/Jul/2026:12:32:49 +0000] 178429156989.970854 127.0.0.1 37010 127.0.0.1 8443
---5CLPB2D9---B--
GET /healthz HTTP/2.0
user-agent: healthcheck
accept: */*
host: localhost:8443

---5CLPB2D9---D--

---5CLPB2D9---E--
OK

---5CLPB2D9---F--
HTTP/2.0 200
Server: nginx
Date: Fri, 17 Jul 2026 12:32:49 GMT
Content-Length: 2
Content-Type: application/octet-stream
Content-Type: text/plain
Connection: close

---5CLPB2D9---H--

---5CLPB2D9---I--

---5CLPB2D9---J--

---5CLPB2D9---Z--

---wNX6zG6q---A--
[17/Jul/2026:12:33:20 +0000] 17842916006.899364 127.0.0.1 56906 127.0.0.1 8443
---wNX6zG6q---B--
GET /healthz HTTP/2.0
user-agent: healthcheck
accept: */*
host: localhost:8443

---wNX6zG6q---D--

---wNX6zG6q---E--
OK

---wNX6zG6q---F--
HTTP/2.0 200
Server: nginx
Date: Fri, 17 Jul 2026 12:33:20 GMT
Content-Length: 2
Content-Type: application/octet-stream
Content-Type: text/plain
Connection: close

---wNX6zG6q---H--

---wNX6zG6q---I--

---wNX6zG6q---J--

---wNX6zG6q---Z--

---fnfBUJ51---A--
[17/Jul/2026:12:33:50 +0000] 178429163088.995810 127.0.0.1 37096 127.0.0.1 8443
---fnfBUJ51---B--
GET /healthz HTTP/2.0
user-agent: healthcheck
accept: */*
host: localhost:8443

---fnfBUJ51---D--

---fnfBUJ51---E--
OK

---fnfBUJ51---F--
HTTP/2.0 200
Server: nginx
Date: Fri, 17 Jul 2026 12:33:50 GMT
Content-Length: 2
Content-Type: application/octet-stream
Content-Type: text/plain
Connection: close

---fnfBUJ51---H--

---fnfBUJ51---I--

---fnfBUJ51---J--

---fnfBUJ51---Z--

---ruHSSvyr---A--
[17/Jul/2026:12:34:20 +0000] 178429166088.482489 127.0.0.1 32878 127.0.0.1 8443
---ruHSSvyr---B--
GET /healthz HTTP/2.0
user-agent: healthcheck
accept: */*
host: localhost:8443

---ruHSSvyr---D--

---ruHSSvyr---E--
OK

---ruHSSvyr---F--
HTTP/2.0 200
Server: nginx
Date: Fri, 17 Jul 2026 12:34:20 GMT
Content-Length: 2
Content-Type: application/octet-stream
Content-Type: text/plain
Connection: close

---ruHSSvyr---H--

---ruHSSvyr---I--

---ruHSSvyr---J--

---ruHSSvyr---Z--

---VkxPX6CH---A--
[17/Jul/2026:12:34:50 +0000] 178429169034.813616 127.0.0.1 45370 127.0.0.1 8443
---VkxPX6CH---B--
GET /healthz HTTP/2.0
user-agent: healthcheck
accept: */*
host: localhost:8443

---VkxPX6CH---D--

---VkxPX6CH---E--
OK

---VkxPX6CH---F--
HTTP/2.0 200
Server: nginx
Date: Fri, 17 Jul 2026 12:34:50 GMT
Content-Length: 2
Content-Type: application/octet-stream
Content-Type: text/plain
Connection: close

---VkxPX6CH---H--

---VkxPX6CH---I--

---VkxPX6CH---J--

---VkxPX6CH---Z--

---ycL1mpfC---A--
[17/Jul/2026:12:35:20 +0000] 17842917208.820907 127.0.0.1 47366 127.0.0.1 8443
---ycL1mpfC---B--
GET /healthz HTTP/2.0
user-agent: healthcheck
accept: */*
host: localhost:8443

---ycL1mpfC---D--

---ycL1mpfC---E--
OK

---ycL1mpfC---F--
HTTP/2.0 200
Server: nginx
Date: Fri, 17 Jul 2026 12:35:20 GMT
Content-Length: 2
Content-Type: application/octet-stream
Content-Type: text/plain
Connection: close

---ycL1mpfC---H--

---ycL1mpfC---I--

---ycL1mpfC---J--

---ycL1mpfC---Z--

---DDuh8trY---A--
[17/Jul/2026:12:35:50 +0000] 178429175045.459539 127.0.0.1 39548 127.0.0.1 8443
---DDuh8trY---B--
GET /healthz HTTP/2.0
user-agent: healthcheck
accept: */*
host: localhost:8443

---DDuh8trY---D--

---DDuh8trY---E--
OK

---DDuh8trY---F--
HTTP/2.0 200
Server: nginx
Date: Fri, 17 Jul 2026 12:35:50 GMT
Content-Length: 2
Content-Type: application/octet-stream
Content-Type: text/plain
Connection: close

---DDuh8trY---H--

---DDuh8trY---I--

---DDuh8trY---J--

---DDuh8trY---Z--

---JlMM3bbJ---A--
[17/Jul/2026:12:36:20 +0000] 17842917803.430549 127.0.0.1 33402 127.0.0.1 8443
---JlMM3bbJ---B--
GET /healthz HTTP/2.0
user-agent: healthcheck
accept: */*
host: localhost:8443

---JlMM3bbJ---D--

---JlMM3bbJ---E--
OK

---JlMM3bbJ---F--
HTTP/2.0 200
Server: nginx
Date: Fri, 17 Jul 2026 12:36:20 GMT
Content-Length: 2
Content-Type: application/octet-stream
Content-Type: text/plain
Connection: close

---JlMM3bbJ---H--

---JlMM3bbJ---I--

---JlMM3bbJ---J--

---JlMM3bbJ---Z--

---I5lL3Z5T---A--
[17/Jul/2026:12:36:51 +0000] 178429181135.453486 127.0.0.1 42202 127.0.0.1 8443
---I5lL3Z5T---B--
GET /healthz HTTP/2.0
user-agent: healthcheck
accept: */*
host: localhost:8443

---I5lL3Z5T---D--

---I5lL3Z5T---E--
OK

---I5lL3Z5T---F--
HTTP/2.0 200
Server: nginx
Date: Fri, 17 Jul 2026 12:36:51 GMT
Content-Length: 2
Content-Type: application/octet-stream
Content-Type: text/plain
Connection: close

---I5lL3Z5T---H--

---I5lL3Z5T---I--

---I5lL3Z5T---J--

---I5lL3Z5T---Z--

---eO6womIV---A--
[17/Jul/2026:12:37:21 +0000] 17842918411.121970 127.0.0.1 50514 127.0.0.1 8443
---eO6womIV---B--
GET /healthz HTTP/2.0
user-agent: healthcheck
accept: */*
host: localhost:8443

---eO6womIV---D--

---eO6womIV---E--
OK

---eO6womIV---F--
HTTP/2.0 200
Server: nginx
Date: Fri, 17 Jul 2026 12:37:21 GMT
Content-Length: 2
Content-Type: application/octet-stream
Content-Type: text/plain
Connection: close

---eO6womIV---H--

---eO6womIV---I--

---eO6womIV---J--

---eO6womIV---Z--

---REHG6j2q---A--
[17/Jul/2026:12:37:51 +0000] 178429187178.183150 127.0.0.1 59438 127.0.0.1 8443
---REHG6j2q---B--
GET /healthz HTTP/2.0
user-agent: healthcheck
accept: */*
host: localhost:8443

---REHG6j2q---D--

---REHG6j2q---E--
OK

---REHG6j2q---F--
HTTP/2.0 200
Server: nginx
Date: Fri, 17 Jul 2026 12:37:51 GMT
Content-Length: 2
Content-Type: application/octet-stream
Content-Type: text/plain
Connection: close

---REHG6j2q---H--

---REHG6j2q---I--

---REHG6j2q---J--

---REHG6j2q---Z--

---aXn2OQk0---A--
[17/Jul/2026:12:38:21 +0000] 178429190117.206573 127.0.0.1 36336 127.0.0.1 8443
---aXn2OQk0---B--
GET /healthz HTTP/2.0
user-agent: healthcheck
accept: */*
host: localhost:8443

---aXn2OQk0---D--

---aXn2OQk0---E--
OK

---aXn2OQk0---F--
HTTP/2.0 200
Server: nginx
Date: Fri, 17 Jul 2026 12:38:21 GMT
Content-Length: 2
Content-Type: application/octet-stream
Content-Type: text/plain
Connection: close

---aXn2OQk0---H--

---aXn2OQk0---I--

---aXn2OQk0---J--

---aXn2OQk0---Z--

---saxOI3Bj---A--
[17/Jul/2026:12:38:51 +0000] 178429193155.900178 127.0.0.1 50976 127.0.0.1 8443
---saxOI3Bj---B--
GET /healthz HTTP/2.0
user-agent: healthcheck
accept: */*
host: localhost:8443

---saxOI3Bj---D--

---saxOI3Bj---E--
OK

---saxOI3Bj---F--
HTTP/2.0 200
Server: nginx
Date: Fri, 17 Jul 2026 12:38:51 GMT
Content-Length: 2
Content-Type: application/octet-stream
Content-Type: text/plain
Connection: close

---saxOI3Bj---H--

---saxOI3Bj---I--

---saxOI3Bj---J--

---saxOI3Bj---Z--

---NTYbqwOa---A--
[17/Jul/2026:12:39:21 +0000] 178429196137.997538 127.0.0.1 41414 127.0.0.1 8443
---NTYbqwOa---B--
GET /healthz HTTP/2.0
user-agent: healthcheck
accept: */*
host: localhost:8443

---NTYbqwOa---D--

---NTYbqwOa---E--
OK

---NTYbqwOa---F--
HTTP/2.0 200
Server: nginx
Date: Fri, 17 Jul 2026 12:39:21 GMT
Content-Length: 2
Content-Type: application/octet-stream
Content-Type: text/plain
Connection: close

---NTYbqwOa---H--

---NTYbqwOa---I--

---NTYbqwOa---J--

---NTYbqwOa---Z--

---675GNwYJ---A--
[17/Jul/2026:12:39:51 +0000] 178429199153.188690 127.0.0.1 60520 127.0.0.1 8443
---675GNwYJ---B--
GET /healthz HTTP/2.0
user-agent: healthcheck
accept: */*
host: localhost:8443

---675GNwYJ---D--

---675GNwYJ---E--
OK

---675GNwYJ---F--
HTTP/2.0 200
Server: nginx
Date: Fri, 17 Jul 2026 12:39:51 GMT
Content-Length: 2
Content-Type: application/octet-stream
Content-Type: text/plain
Connection: close

---675GNwYJ---H--

---675GNwYJ---I--

---675GNwYJ---J--

---675GNwYJ---Z--

---Mu9bqaTO---A--
[17/Jul/2026:12:40:21 +0000] 178429202156.779716 127.0.0.1 47140 127.0.0.1 8443
---Mu9bqaTO---B--
GET /healthz HTTP/2.0
user-agent: healthcheck
accept: */*
host: localhost:8443

---Mu9bqaTO---D--

---Mu9bqaTO---E--
OK

---Mu9bqaTO---F--
HTTP/2.0 200
Server: nginx
Date: Fri, 17 Jul 2026 12:40:21 GMT
Content-Length: 2
Content-Type: application/octet-stream
Content-Type: text/plain
Connection: close

---Mu9bqaTO---H--

---Mu9bqaTO---I--

---Mu9bqaTO---J--

---Mu9bqaTO---Z--

---5CLPB2D9---A--
[17/Jul/2026:12:40:52 +0000] 178429205211.268394 127.0.0.1 45650 127.0.0.1 8443
---5CLPB2D9---B--
GET /healthz HTTP/2.0
user-agent: healthcheck
accept: */*
host: localhost:8443

---5CLPB2D9---D--

---5CLPB2D9---E--
OK

---5CLPB2D9---F--
HTTP/2.0 200
Server: nginx
Date: Fri, 17 Jul 2026 12:40:52 GMT
Content-Length: 2
Content-Type: application/octet-stream
Content-Type: text/plain
Connection: close

---5CLPB2D9---H--

---5CLPB2D9---I--

---5CLPB2D9---J--

---5CLPB2D9---Z--

---wNX6zG6q---A--
[17/Jul/2026:12:41:22 +0000] 178429208288.654127 127.0.0.1 45210 127.0.0.1 8443
---wNX6zG6q---B--
GET /healthz HTTP/2.0
user-agent: healthcheck
accept: */*
host: localhost:8443

---wNX6zG6q---D--

---wNX6zG6q---E--
OK

---wNX6zG6q---F--
HTTP/2.0 200
Server: nginx
Date: Fri, 17 Jul 2026 12:41:22 GMT
Content-Length: 2
Content-Type: application/octet-stream
Content-Type: text/plain
Connection: close

---wNX6zG6q---H--

---wNX6zG6q---I--

---wNX6zG6q---J--

---wNX6zG6q---Z--

---fnfBUJ51---A--
[17/Jul/2026:12:41:52 +0000] 17842921120.028798 127.0.0.1 56778 127.0.0.1 8443
---fnfBUJ51---B--
GET /healthz HTTP/2.0
user-agent: healthcheck
accept: */*
host: localhost:8443

---fnfBUJ51---D--

---fnfBUJ51---E--
OK

---fnfBUJ51---F--
HTTP/2.0 200
Server: nginx
Date: Fri, 17 Jul 2026 12:41:52 GMT
Content-Length: 2
Content-Type: application/octet-stream
Content-Type: text/plain
Connection: close

---fnfBUJ51---H--

---fnfBUJ51---I--

---fnfBUJ51---J--

---fnfBUJ51---Z--

---ruHSSvyr---A--
[17/Jul/2026:12:42:22 +0000] 178429214276.594637 127.0.0.1 49386 127.0.0.1 8443
---ruHSSvyr---B--
GET /healthz HTTP/2.0
user-agent: healthcheck
accept: */*
host: localhost:8443

---ruHSSvyr---D--

---ruHSSvyr---E--
OK

---ruHSSvyr---F--
HTTP/2.0 200
Server: nginx
Date: Fri, 17 Jul 2026 12:42:22 GMT
Content-Length: 2
Content-Type: application/octet-stream
Content-Type: text/plain
Connection: close

---ruHSSvyr---H--

---ruHSSvyr---I--

---ruHSSvyr---J--

---ruHSSvyr---Z--

---VkxPX6CH---A--
[17/Jul/2026:12:42:52 +0000] 178429217231.161461 127.0.0.1 37668 127.0.0.1 8443
---VkxPX6CH---B--
GET /healthz HTTP/2.0
user-agent: healthcheck
accept: */*
host: localhost:8443

---VkxPX6CH---D--

---VkxPX6CH---E--
OK

---VkxPX6CH---F--
HTTP/2.0 200
Server: nginx
Date: Fri, 17 Jul 2026 12:42:52 GMT
Content-Length: 2
Content-Type: application/octet-stream
Content-Type: text/plain
Connection: close

---VkxPX6CH---H--

---VkxPX6CH---I--

---VkxPX6CH---J--

---VkxPX6CH---Z--

---ycL1mpfC---A--
[17/Jul/2026:12:43:22 +0000] 178429220218.151853 127.0.0.1 60724 127.0.0.1 8443
---ycL1mpfC---B--
GET /healthz HTTP/2.0
user-agent: healthcheck
accept: */*
host: localhost:8443

---ycL1mpfC---D--

---ycL1mpfC---E--
OK

---ycL1mpfC---F--
HTTP/2.0 200
Server: nginx
Date: Fri, 17 Jul 2026 12:43:22 GMT
Content-Length: 2
Content-Type: application/octet-stream
Content-Type: text/plain
Connection: close

---ycL1mpfC---H--

---ycL1mpfC---I--

---ycL1mpfC---J--

---ycL1mpfC---Z--

